// Jest Snapshot v1, https://goo.gl/fbAQLP

exports[`AuthProvider renders component after initialized 1`] = `
<div>
  <div
    class="MuiBox-root css-f6a0yb"
  >
    <span
      class="MuiSkeleton-root MuiSkeleton-text MuiSkeleton-wave css-ayl0v9-MuiSkeleton-root"
      style="height: 200px;"
    />
    <span
      class="MuiSkeleton-root MuiSkeleton-text MuiSkeleton-wave css-ayl0v9-MuiSkeleton-root"
      style="height: 40px;"
    />
    <span
      class="MuiSkeleton-root MuiSkeleton-text MuiSkeleton-wave css-ayl0v9-MuiSkeleton-root"
      style="width: 80%; height: 40px;"
    />
    <span
      class="MuiSkeleton-root MuiSkeleton-text MuiSkeleton-wave css-ayl0v9-MuiSkeleton-root"
      style="width: 95%; height: 40px;"
    />
  </div>
</div>
`;
